﻿
> react-example@0.0.0 build
> vite build

[36mvite v6.4.1 [32mbuilding for production...[36m[39m
transforming...
[32mÔ£ô[39m 3088 modules transformed.
node.exe : 
[31mÔ£ù[39m Build 
failed in 23.84s
No linha:1 caractere:1
+ & "C:\Program 
Files\nodejs/node.exe" 
"C:\Program 
Files\nodejs/node_mo 
...
+ ~~~~~~~~~~~~~~~~~~~~~
~~~~~~~~~~~~~~~~~~~~~~~
~~~~~~~~~~~~~~~~~~~~~~~
~~
    + CategoryInfo     
         : NotSpecifi  
  ed: ([31mÔ£ù[39m   
  Build failed in 2    
3.84s:String) [],     
RemoteException
    + FullyQualifiedEr 
   rorId : NativeComm  
  andError
 
[31merror during 
build:
[31m[vite]: Rollup 
failed to resolve 
import 
"react-hot-toast" from 
"C:/Users/supor/OneDriv
e/├ürea de 
Trabalho/CONT.ANNY 
Financeiro PF/src/modul
es/metas/components/Goa
lCard.tsx".
This is most likely 
unintended because it 
can break your 
application at runtime.
If you do want to 
externalize this 
module explicitly add 
it to
`build.rollupOptions.ex
ternal`[31m
    at viteLog (file://
/C:/Users/supor/OneDriv
e/%C3%81rea%20de%20Trab
alho/CONT.ANNY%20Financ
eiro%20PF/node_modules/
vite/dist/node/chunks/d
ep-D4NMHUTW.js:46374:15
)
    at file:///C:/Users
/supor/OneDrive/%C3%81r
ea%20de%20Trabalho/CONT
.ANNY%20Financeiro%20PF
/node_modules/vite/dist
/node/chunks/dep-D4NMHU
TW.js:46432:18
    at onwarn (file:///
C:/Users/supor/OneDrive
/%C3%81rea%20de%20Traba
lho/CONT.ANNY%20Finance
iro%20PF/node_modules/@
vitejs/plugin-react/dis
t/index.js:76:7)
    at file:///C:/Users
/supor/OneDrive/%C3%81r
ea%20de%20Trabalho/CONT
.ANNY%20Financeiro%20PF
/node_modules/vite/dist
/node/chunks/dep-D4NMHU
TW.js:46430:7
    at onRollupLog (fil
e:///C:/Users/supor/One
Drive/%C3%81rea%20de%20
Trabalho/CONT.ANNY%20Fi
nanceiro%20PF/node_modu
les/vite/dist/node/chun
ks/dep-D4NMHUTW.js:4642
2:5)
    at onLog (file:///C
:/Users/supor/OneDrive/
%C3%81rea%20de%20Trabal
ho/CONT.ANNY%20Financei
ro%20PF/node_modules/vi
te/dist/node/chunks/dep
-D4NMHUTW.js:46072:7)
    at file:///C:/Users
/supor/OneDrive/%C3%81r
ea%20de%20Trabalho/CONT
.ANNY%20Financeiro%20PF
/node_modules/rollup/di
st/es/shared/node-entry
.js:20981:32
    at Object.logger 
[as onLog] (file:///C:/
Users/supor/OneDrive/%C
3%81rea%20de%20Trabalho
/CONT.ANNY%20Financeiro
%20PF/node_modules/roll
up/dist/es/shared/node-
entry.js:22968:9)
    at ModuleLoader.han
dleInvalidResolvedId (f
ile:///C:/Users/supor/O
neDrive/%C3%81rea%20de%
20Trabalho/CONT.ANNY%20
Financeiro%20PF/node_mo
dules/rollup/dist/es/sh
ared/node-entry.js:2171
2:26)
    at file:///C:/Users
/supor/OneDrive/%C3%81r
ea%20de%20Trabalho/CONT
.ANNY%20Financeiro%20PF
/node_modules/rollup/di
st/es/shared/node-entry
.js:21670:26[39m
