
> react-example@0.0.0 lint
> tsc --noEmit

src/App.tsx(444,14): error TS2304: Cannot find name 'AlertCircle'.
src/lib/supabase.ts(3,33): error TS2339: Property 'env' does not exist on type 'ImportMeta'.
src/lib/supabase.ts(4,37): error TS2339: Property 'env' does not exist on type 'ImportMeta'.
src/modules/metas/components/GoalCard.tsx(4,25): error TS2307: Cannot find module '../../auth/hooks/useAuth' or its corresponding type declarations.
